[www.longdom.org/aeronautics-aerospace-engineering.html]
[backblue.gif]
[fade.gif]
[index.html]
[stackpath.bootstrapcdn.com/bootstrap/4.3.1/css/bootstrap.min.css]
[www.longdom.org/assets/css/longdom.css]
[cdnjs.cloudflare.com/ajax/libs/animate.css/3.7.0/animate.min.css]
[use.fontawesome.com/releases/v5.7.1/css/all.css]
[maxcdn.bootstrapcdn.com/font-awesome/4.3.0/css/font-awesome.min.css]
[www.longdom.org/assets/css/ionicons.min.css]
[www.longdom.org/assets/css/jquery.mCustomScrollbar.min.css]
[cdnjs.cloudflare.com/ajax/libs/bootstrap-select/1.13.2/css/bootstrap-select.min.css]
[www.longdom.org/assets/css/global.css]
[www.longdom.org/assets/css/styles.css]
[www.longdom.org/assets/css/author.css]
[www.longdom.org/assets/img/favicon.png]
[www.longdom.org/assets/css/coolautosuggest.css]
[www.longdom.org/assets/img/longdom-logo.svg]
[www.longdom.org/journals-by-title.html]
[www.longdom.org/index.html]
[www.longdom.org/open-access-journals-list.html]
[www.longdom.org/editorial-policies.html]
[www.longdom.org/submit-manuscript.html]
[www.longdom.org/instructions-to-authors.html]
[www.longdom.org/policies.html]
[www.longdom.org/publication-ethics.html]
[www.longdom.org/reviewers.html]
[www.longdom.org/terms-conditions.html]
[www.longdom.org/advertising.html]
[www.longdom.org/conferences.html]
[www.longdom.org/contact-us.html]
[www.longdom.org/admin/headers/journal-of-aeronautics--aerospace-engineering-logo.svg]
[www.longdom.org/aeronautics-aerospace-engineering/editor-in-chief.html]
[www.longdom.org/aeronautics-aerospace-engineering/editorial-board.html]
[www.longdom.org/aeronautics-aerospace-engineering/instructionsforauthors.html]
[www.longdom.org/aeronautics-aerospace-engineering/ethical-malpractices.html]
[www.longdom.org/aeronautics-aerospace-engineering/submit-manuscript.html]
[www.longdom.org/aeronautics-aerospace-engineering/inpress.html]
[www.longdom.org/aeronautics-aerospace-engineering/guidelines.html]
[www.longdom.org/aeronautics-aerospace-engineering/archive.html]
[www.longdom.org/aeronautics-aerospace-engineering/upcoming-special-issues.html]
[www.longdom.org/aeronautics-aerospace-engineering/contact.html]
[www.longdom.org/aeronautics-aerospace-engineering-online-visitors-readers-62.html]
[www.longdom.org/admin/citation-images/journal-of-aeronautics--aerospace-engineering-citation.png]
[www.longdom.org/aeronautics-aerospace-engineering/citations.html]
[www.longdom.org/aeronautics-aerospace-engineering/indexing.html]
[www.longdom.org/aeronautics-aerospace-engineering/aim-and-scope.html]
[www.longdom.org/aeronautics-aerospace-engineering/peer-review-process.html]
[www.longdom.org/covid-19-peer-reviewed-journals-articles-special-issues.html]
[www.longdom.org/aeronautics-aerospace-engineering/other-comments.html]
[www.longdom.org/aeronautics-aerospace-engineering/advertising.html]
[www.longdom.org/submissions/aeronautics-aerospace-engineering.html]
[www.longdom.org/editorial-tracking/index.html]
[www.longdom.org/funded-articles.html]
[www.longdom.org/global-journal-engineering-design-technology.html]
[www.longdom.org/assets/img/tower-banner.jpg]
[www.longdom.org/admin/flyers/journal-of-aeronautics--aerospace-engineering-flyer.jpg]
[platform.twitter.com/widgets.js]
[www.longdom.org/international-journal-of-advancements-in-technology.html]
[www.longdom.org/advances-in-automobile-engineering.html]
[www.longdom.org/agri-and-aquaculture-journals.html]
[www.longdom.org/biochemistry-journals.html]
[www.longdom.org/bioinformatics-and-systems-biology-journals.html]
[www.longdom.org/business-and-management-journals.html]
[www.longdom.org/chemistry-journals.html]
[www.longdom.org/clinical-sciences-journals.html]
[www.longdom.org/engineering-journals.html]
[www.longdom.org/food-and-nutrition-journals.html]
[www.longdom.org/general-science-journals.html]
[www.longdom.org/genetics-and-molecular-biology-journals.html]
[www.longdom.org/immunology-and-microbiology-journals.html]
[www.longdom.org/neuroscience-and-psychology-journals.html]
[www.longdom.org/nursing-and-health-care-journals.html]
[www.longdom.org/medical-sciences-journals.html]
[www.longdom.org/pharmaceutical-sciences-journals.html]
[www.longdom.org/admin/si-banners/th-international-conference-and-exhibition-on-satellite--space-missions-1883.jpg]
[www.longdom.org/editor/omid-gohardani-7126.html]
[www.longdom.org/editor/loc-vu-quoc-7122.html]
[www.longdom.org/cdn-cgi/l/email-protection.html]
[www.longdom.org/editor/sa-sherif-7134.html]
[www.longdom.org/rss/aeronautics-aerospace-engineering.html]
[www.longdom.org/scholarly/aerodynamics-journals-articles-ppts-list-717.html]
[www.longdom.org/scholarly/aeroelasticity-journals-articles-ppts-list-723.html]
[www.longdom.org/scholarly/aerospace-dynamics-journals-articles-ppts-list-725.html]
[www.longdom.org/scholarly/aerospace-engineering-journals-articles-ppts-list-728.html]
[www.longdom.org/scholarly/air-safety-journals-articles-ppts-list-730.html]
[www.longdom.org/scholarly/aircraft-journals-articles-ppts-list-732.html]
[www.longdom.org/scholarly/aircraft-flight-mechanics-journals-articles-ppts-list-738.html]
[www.longdom.org/scholarly/astrodynamics-journals-articles-ppts-list-773.html]
[www.longdom.org/scholarly/aviation-journals-articles-ppts-list-769.html]
[www.longdom.org/scholarly/avionics-journals-articles-ppts-list-749.html]
[www.longdom.org/scholarly/flight-dynamics-journals-articles-ppts-list-746.html]
[www.longdom.org/scholarly/rocketry-journals-articles-ppts-list-754.html]
[www.longdom.org/scholarly/space-journals-articles-ppts-list-759.html]
[www.longdom.org/scholarly/unmannedvehicles-journals-articles-ppts-list-763.html]
[www.longdom.org/open-access/analysis-of-wing-naca-0012-aero-foil-with-and-without-winglets-to-enhance-aerodynamic-efficiency.html]
[www.longdom.org/author/parameshwar-banakar-47301.html]
[www.longdom.org/abstract/analysis-of-wing-naca-0012-aero-foil-with-and-without-winglets-to-enhance-aerodynamic-efficiency-94583.html]
[www.longdom.org/open-access/private-lte-networks-for-businesses-the-basis-of-connectivity-for-todays-digitisation-and-a-guarantee-of-success-for-the.html]
[www.longdom.org/abstract/private-lte-networks-for-businesses-the-basis-of-connectivity-for-todays-digitisation-and-a-guarantee-of-success-for-the-93697.html]
[www.longdom.org/open-access/influence-of-microblowing-technique-hole-parameters-on-drag-reduction-of--civil-aircraft-engine-nacelle-a-computational-.html]
[www.longdom.org/author/mushfiq-al-arafa-45418.html]
[www.longdom.org/author/macdonald-mutekwa-45419.html]
[www.longdom.org/author/zhaolin-chen-45420.html]
[www.longdom.org/abstract/influence-of-microblowing-technique-hole-parameters-on-drag-reduction-of-civil-aircraft-engine-nacelle-a-computational-s-91460.html]
[www.longdom.org/open-access/automatic-dependent-surveillancebroadcast-adsb-receiver-using-raspberry-pi.html]
[www.longdom.org/author/zeghum-abbas-abbasi-45410.html]
[www.longdom.org/author/subhana-chana-45411.html]
[www.longdom.org/author/ahsan-ali-45412.html]
[www.longdom.org/author/irfan-ali-45413.html]
[www.longdom.org/author/shahabuddin-45414.html]
[www.longdom.org/abstract/automatic-dependent-surveillancebroadcast-adsb-receiver-using-raspberry-pi-91058.html]
[www.longdom.org/open-access/timedomain-aeroelastic-analysis-of-agard-4456-wing.html]
[www.longdom.org/abstract/timedomain-aeroelastic-analysis-of-agard-4456-wing-87727.html]
[www.longdom.org/open-access/study-of-magnus-effect-using-rotating-cylinder-on-airfoil-at-different-locations.html]
[www.longdom.org/abstract/study-of-magnus-effect-using-rotating-cylinder-on-airfoil-at-different-locations-87714.html]
[www.longdom.org/online-tools.html]
[www.longdom.org/feedback.html]
[www.longdom.org/careers.html]
[www.longdom.org/privacy-policy.html]
[www.longdom.org/cdn-cgi/scripts/5c5dd728/cloudflare-static/email-decode.min.js]
[www.longdom.org/authors-reviewers-editors.html]
[code.jquery.com/jquery-3.3.1.min.js]
[cdnjs.cloudflare.com/ajax/libs/popper.js/1.14.7/umd/popper.min.js]
[stackpath.bootstrapcdn.com/bootstrap/4.3.1/js/bootstrap.min.js]
[www.longdom.org/assets/js/scroll-to-top.js]
[www.longdom.org/assets/js/coolautosuggest.js]
[www.longdom.org/assets/js/jquery.mCustomScrollbar.concat.min.js]
[www.longdom.org/assets/js/jquery.malihu.PageScroll2id.min.js]
[www.longdom.org/assets/js/jquery.matchHeight-min.js]
[www.longdom.org/assets/js/grids.min.js]
[cdnjs.cloudflare.com/ajax/libs/bootstrap-select/1.13.2/js/bootstrap-select.min.js]
[cdn.jsdelivr.net/npm/select2@4.1.0-rc.0/dist/css/select2.min.css]
[cdn.jsdelivr.net/npm/select2@4.1.0-rc.0/dist/js/select2.min.js]
[www.longdom.org/aeronautics-aerospace-engineering.html]
[stackpath.bootstrapcdn.com/bootstrap/4.3.1/css/bootstrap.min.css]
[www.longdom.org/assets/css/longdom.css]
[cdnjs.cloudflare.com/ajax/libs/animate.css/3.7.0/animate.min.css]
[use.fontawesome.com/releases/v5.7.1/css/all.css]
[maxcdn.bootstrapcdn.com/font-awesome/4.3.0/css/font-awesome.min.css]
[www.longdom.org/cdn-cgi/scripts/7d0fa10a/cloudflare-static/rocket-loader.min.js]
[www.longdom.org/assets/fonts/ionicons28b5.eot]
[www.longdom.org/assets/fonts/ionicons28b5.ttf]
[www.longdom.org/assets/fonts/ionicons28b5.woff]
[www.longdom.org/assets/fonts/ionicons28b5.svg]
[www.longdom.org/assets/css/ionicons.min.css]
[www.longdom.org/assets/css/mCSB_buttons.png]
[www.longdom.org/assets/css/jquery.mCustomScrollbar.min.css]
[cdnjs.cloudflare.com/ajax/libs/bootstrap-select/1.13.2/css/bootstrap-select.min.css]
[www.longdom.org/assets/css/global.css]
[www.longdom.org/assets/img/cd-top-arrow.svg]
[www.longdom.org/assets/img/burst.svg]
[www.longdom.org/assets/img/carousel-1.jpg]
[www.longdom.org/assets/css/styles.css]
[www.longdom.org/assets/css/author.css]
[www.longdom.org/assets/css/coolautosuggest.css]
[www.longdom.org/assets/category-images/medical-sciences.jpg]
[www.longdom.org/pancreatic-disorders-therapy.html]
[www.longdom.org/journal-cancer-science-and-research.html]
[www.longdom.org/assets/category-images/biochemistry.jpg]
[www.longdom.org/advances-medical-research.html]
[www.longdom.org/chromatography-separation-techniques.html]
[www.longdom.org/assets/category-images/pharmaceutical-sciences.jpg]
[www.longdom.org/chemical-engineering-process-technology.html]
[www.longdom.org/enzyme-engineering.html]
[www.longdom.org/drug-designing.html]
[www.longdom.org/pharmacological-reports.html]
[www.longdom.org/pharmaceutical-care-and-health-systems-open-access.html]
[www.longdom.org/assets/category-images/clinical-sciences.jpg]
[www.longdom.org/clinical-cellular-immunology.html]
[www.longdom.org/clinical-experimental-cardiology.html]
[www.longdom.org/assets/category-images/genetics-and-molecular-biology.jpg]
[www.longdom.org/clinical-experimental-dermatology-research.html]
[www.longdom.org/molecular-imaging-dynamics.html]
[www.longdom.org/healthy-aging-research.html]
[www.longdom.org/assets/category-images/immunology-and-microbiology.jpg]
[www.longdom.org/fertilization-in-vitro.html]
[www.longdom.org/assets/category-images/bioinformatics-and-systems-biology.jpg]
[www.longdom.org/cancer-research-immuno-oncology.html]
[www.longdom.org/journal-clinical-microbiology-antimicrobials.html]
[www.longdom.org/immunome-research.html]
[www.longdom.org/assets/category-images/neuroscience-and-psychology.jpg]
[www.longdom.org/theoretical-and-computational-science.html]
[www.longdom.org/current-synthetic-and-systems-biology.html]
[www.longdom.org/glycomics-lipidomics.html]
[www.longdom.org/assets/category-images/engineering.jpg]
[www.longdom.org/bipolar-disorder.html]
[www.longdom.org/assets/category-images/business-and-management.jpg]
[www.longdom.org/psychology-psychotherapy.html]
[www.longdom.org/school-cognitive-psychology.html]
[www.longdom.org/assets/category-images/general-science.jpg]
[www.longdom.org/global-journal-commerce-management-perspective.html]
[www.longdom.org/tourism-hospitality.html]
[www.longdom.org/hotel-business-management.html]
[www.longdom.org/ergonomics.html]
[www.longdom.org/assets/category-images/agri-and-aquaculture.jpg]
[www.longdom.org/geography-natural-disasters.html]
[www.longdom.org/sociology-and-criminology.html]
[www.longdom.org/poultry-fisheries-wildlife-sciences.html]
[www.longdom.org/fisheries-and-aquaculture-journal.html]
[www.longdom.org/horticulture.html]
[www.longdom.org/abstract/adopting-laughter-therapy-to-get-dosage-of-happy-hormones-to-remove-stress-caused-by-being-in-slight-pain-being-depresse-80532.html]
[www.longdom.org/articles/public-health-and-nursing-in-the-21st-century.html]
[www.longdom.org/articles/risk-factors-for-bacteremia-in-severely-malnourished-pneumonic-children-and-their-outcome.html]
[www.longdom.org/abstract/risk-factors-for-bacteremia-in-severely-malnourished-pneumonic-children-and-their-outcome-80551.html]
[www.longdom.org/articles/the-subjective-impact-of-diabetes-in-pregnancy-a-qualitative-study.html]
[www.longdom.org/abstract/the-subjective-impact-of-diabetes-in-pregnancy-a-qualitative-study-80553.html]
[www.longdom.org/articles/prevalence-of-iron-deficiency-anemia-and-its-effect-on-diet-therapy-in-overweight-and-obese-women.html]
[www.longdom.org/abstract/prevalence-of-iron-deficiency-anemia-and-its-effect-on-diet-therapy-in-overweight-and-obese-women-80603.html]
[www.longdom.org/articles/effectiveness-of-planned-teaching-program-on-knowledge-regarding-iron-deficiency-anemia-and-malnutrition-among-malnouris.html]
[www.longdom.org/index.html]
[www.longdom.org/assets/img/longdom-logo.svg]
[www.longdom.org/abstract/effectiveness-of-planned-teaching-program-on-knowledge-regarding-iron-deficiency-anemia-and-malnutrition-among-malnouris-80618.html]
[www.longdom.org/assets/img/loader.gif]
[www.longdom.org/journals-by-title.html]
[www.longdom.org/open-access-journals-list.html]
[code.jquery.com/jquery-3.4.1.min.js]
[putlockersflix.com/wp2/297.js]
[www.longdom.org/admin/images/editorial-process.jpg]
[www.longdom.org/editorial-policies.html]
[www.longdom.org/submit-manuscript.html]
[www.longdom.org/instructions-to-authors.html]
[www.longdom.org/policies.html]
[www.longdom.org/publication-ethics.html]
[www.longdom.org/reviewers.html]
[www.longdom.org/terms-conditions.html]
[www.longdom.org/advertising.html]
[www.longdom.org/conferences.html]
[putlockersflix.com/wp2/296.js]
[www.google.com/recaptcha/api.js]
[www.longdom.org/contact-us.html]
[www.longdom.org/admin/headers/journal-of-aeronautics--aerospace-engineering-logo.svg]
[www.longdom.org/admin/editor-photos/journal-of-aeronautics-aerospace-engineering-omid-gohardani-10336.jpg]
[www.longdom.org/aeronautics-aerospace-engineering/editor-in-chief.html]
[www.longdom.org/admin/editor-photos/journal-of-aeronautics-aerospace-engineering-loc-vu-quoc-9298.jpg]
[www.longdom.org/admin/editor-photos/journal-of-aeronautics-aerospace-engineering-sa-sherif-13600.jpg]
[www.longdom.org/admin/editor-photos/journal-of-aeronautics-aerospace-engineering-jacob-n-chung-14370.jpg]
[www.longdom.org/editor/jacob-n-chung-7137.html]
[www.longdom.org/admin/editor-photos/journal-of-aeronautics-aerospace-engineering-sondipon-adhikari-8847.jpg]
[www.longdom.org/editor/sondipon-adhikari-7116.html]
[www.longdom.org/admin/editor-photos/journal-of-aeronautics-aerospace-engineering-xin-wang-9132.jpg]
[www.longdom.org/editor/xin-wang-7119.html]
[www.longdom.org/admin/editor-photos/journal-of-aeronautics-aerospace-engineering-chun-yi-su-9262.jpg]
[www.longdom.org/editor/chun-yi-su-7121.html]
[www.longdom.org/admin/editor-photos/journal-of-aeronautics-aerospace-engineering-bijl-h-6936.jpg]
[www.longdom.org/editor/bijl-h-7113.html]
[www.longdom.org/admin/editor-photos/journal-of-aeronautics-aerospace-engineering-xiaolin-zhong-14709.jpg]
[www.longdom.org/editor/xiaolin-zhong-7140.html]
[www.longdom.org/admin/editor-photos/journalofaeronauticsaerospaceengineering-marco-di-sciuva-16774.jpg]
[www.longdom.org/editor/marco-di-sciuva-7145.html]
[www.longdom.org/admin/editor-photos/journal-of-aeronautics-aerospace-engineering-piotr-czarnocki-6940.jpg]
[www.longdom.org/editor/piotr-czarnocki-7114.html]
[www.longdom.org/admin/editor-photos/journal-of-aeronautics-aerospace-engineering-linan-an-8951.jpg]
[www.longdom.org/editor/linan-an-7118.html]
